[skinsboom.com/admin.html]
[backblue.gif]
[fade.gif]
[index.html]
[skinsboom.com/css/bootstrap.min.css]
[fabien-d.github.io/alertify.js/assets/js/lib/alertify/alertify.default.css]
[fabien-d.github.io/alertify.js/assets/js/lib/alertify/alertify.core.css]
[fabien-d.github.io/alertify.js/assets/js/lib/alertify/alertify.min.js]
[skinsboom.com/admin.html]
[skinsboom.com/fonts/glyphicons-halflings-regular.eot]
[skinsboom.com/fonts/glyphicons-halflings-regulard41d.eot]
[skinsboom.com/fonts/glyphicons-halflings-regular.woff]
[skinsboom.com/fonts/glyphicons-halflings-regular.ttf]
[skinsboom.com/fonts/glyphicons-halflings-regular.svg]
[skinsboom.com/css/bootstrap.min.css]
[fabien-d.github.io/alertify.js/assets/js/lib/alertify/alertify.default.css]
[fabien-d.github.io/alertify.js/assets/js/lib/alertify/alertify.core.css]
[skinsboom.com/fonts/glyphicons-halflings-regular.html]
[skinsboom.com/fonts/glyphicons-halflings-regulard41d.html]
[skinsboom.com/fonts/glyphicons-halflings-regular-2.html]
[skinsboom.com/fonts/glyphicons-halflings-regular-3.html]
[skinsboom.com/fonts/glyphicons-halflings-regular-4.html]
